 - [#1](http://github.com/org/repo/issues/1) - Issue 1 +feature

Commits: 12345678...67890123
